[job] start 2026-10-09T11:01:18Z host=k8s-worker-node-2 pid=3884
[fit] seeded python/numpy/torch with 0
[fit] config = go2_flat
[fit] state=45 action=12 ext=0 contact=8 term=1
[fit] ensemble=5 hist=32 forecast=8
[fit] arch={'type': 'rnn', 'rnn_type': 'gru', 'rnn_num_layers': 2, 'rnn_hidden_size': 256, 'state_mean_shape': [128], 'state_logstd_shape': [128], 'extension_shape': [128], 'contact_shape': [128], 'termination_shape': [128]}
[load] seg_n00.csv: rows=10000 steps=10000 envs=1 terms=1
[load] seg_n02.csv: rows=10000 steps=10000 envs=1 terms=1
[load] seg_n04.csv: rows=15000 steps=15000 envs=1 terms=1
[load] seg_n08.csv: rows=30000 steps=30000 envs=1 terms=33
[load] seg_n10.csv: rows=25000 steps=25000 envs=1 terms=67
[load] seg_n12.csv: rows=25000 steps=25000 envs=1 terms=68
[load] total_rows=115000 total_real_terms=171
[fit] normalizer loaded from /workspace/Uncertainty-Aware-Robotic-World-Model-Go2/upstream/robotic_world_model/logs/wm_fit/p1_refit_2026-10-09/data/shared_norm.npz (sha256 ea2941a5cbe0326c8d904f002728d0faed65f09afa9bd6d9ef9c5a5f829a8843)
[fit] z-score stats: s_std[:3]=[0.3886936604976654, 0.3769780099391937, 0.12355293333530426] a_std[:3]=[1.0205862522125244, 1.056874394416809, 1.3804463148117065]
[windows] seg_n00: kept=9922 skipped_cross_reset=39
[windows] seg_n02: kept=9922 skipped_cross_reset=39
[windows] seg_n04: kept=14922 skipped_cross_reset=39
[windows] seg_n08: kept=28674 skipped_cross_reset=1287
[windows] seg_n10: kept=22348 skipped_cross_reset=2613
[windows] seg_n12: kept=22309 skipped_cross_reset=2652
[windows] total=108097 skipped=6669 lazy window shape=(108097, 40, 66) flat_rows=(115000, 66)
[fit] transition-level termination pos_weight=671.5
[fit] it 50/2000 state=10.6113 seq=0.0000 contact=0.0720 term=0.0087 kl=0.0000 (4.60s/it)
[fit] it 100/2000 state=8.1441 seq=0.0000 contact=0.0400 term=0.0033 kl=0.0000 (4.24s/it)
[fit] it 150/2000 state=7.2451 seq=0.0000 contact=0.0380 term=0.0014 kl=0.0000 (4.02s/it)
[fit] it 200/2000 state=4.3104 seq=0.0000 contact=0.0067 term=0.0000 kl=0.0000 (3.92s/it)
[fit] it 250/2000 state=3.8010 seq=0.0000 contact=0.0015 term=0.0000 kl=0.0000 (3.85s/it)
[fit] it 300/2000 state=3.1794 seq=0.0000 contact=0.0003 term=0.0000 kl=0.0000 (3.81s/it)
[fit] it 350/2000 state=3.0180 seq=0.0000 contact=0.0002 term=0.0000 kl=0.0000 (3.77s/it)
[fit] it 400/2000 state=2.6055 seq=0.0000 contact=0.0001 term=0.0000 kl=0.0000 (3.75s/it)
[fit] it 450/2000 state=2.2989 seq=0.0000 contact=0.0017 term=0.0002 kl=0.0000 (3.75s/it)
[fit] it 500/2000 state=2.1926 seq=0.0000 contact=0.0002 term=0.0000 kl=0.0000 (3.73s/it)
[fit] it 550/2000 state=2.0549 seq=0.0000 contact=0.0001 term=0.0000 kl=0.0000 (3.72s/it)
[fit] it 600/2000 state=1.8285 seq=0.0000 contact=0.0000 term=0.0000 kl=0.0000 (3.71s/it)
[fit] it 650/2000 state=1.7477 seq=0.0000 contact=0.0003 term=0.0000 kl=0.0000 (3.71s/it)
[fit] it 700/2000 state=1.6794 seq=0.0000 contact=0.0001 term=0.0000 kl=0.0000 (3.70s/it)
[fit] it 750/2000 state=1.5755 seq=0.0000 contact=0.0000 term=0.0000 kl=0.0000 (3.69s/it)
[fit] it 800/2000 state=1.5009 seq=0.0000 contact=0.0032 term=0.0020 kl=0.0000 (3.68s/it)
[fit] it 850/2000 state=1.4831 seq=0.0000 contact=0.0002 term=0.0000 kl=0.0000 (3.67s/it)
[fit] it 900/2000 state=1.4015 seq=0.0000 contact=0.0000 term=0.0000 kl=0.0000 (3.67s/it)
[fit] it 950/2000 state=1.3829 seq=0.0000 contact=0.0012 term=0.0000 kl=0.0000 (3.66s/it)
[fit] it 1000/2000 state=1.3323 seq=0.0000 contact=0.0000 term=0.0000 kl=0.0000 (3.66s/it)
[fit] it 1050/2000 state=1.2908 seq=0.0000 contact=0.0000 term=0.0000 kl=0.0000 (3.66s/it)
[fit] it 1100/2000 state=1.2208 seq=0.0000 contact=0.0061 term=0.0000 kl=0.0000 (3.65s/it)
[fit] it 1150/2000 state=1.2024 seq=0.0000 contact=0.0000 term=0.0000 kl=0.0000 (3.65s/it)
[fit] it 1200/2000 state=1.1591 seq=0.0000 contact=0.0000 term=0.0000 kl=0.0000 (3.64s/it)
[fit] it 1250/2000 state=1.1219 seq=0.0000 contact=0.0000 term=0.0000 kl=0.0000 (3.64s/it)
[fit] it 1300/2000 state=1.1065 seq=0.0000 contact=0.0000 term=0.0000 kl=0.0000 (3.64s/it)
[fit] it 1350/2000 state=1.0706 seq=0.0000 contact=0.0091 term=0.0156 kl=0.0000 (3.61s/it)
[fit] it 1400/2000 state=1.0845 seq=0.0000 contact=0.0001 term=0.0000 kl=0.0000 (3.58s/it)
[fit] it 1450/2000 state=1.0575 seq=0.0000 contact=0.0000 term=0.0000 kl=0.0000 (3.55s/it)
[fit] it 1500/2000 state=1.0494 seq=0.0000 contact=0.0000 term=0.0000 kl=0.0000 (3.52s/it)
[fit] it 1550/2000 state=1.0469 seq=0.0000 contact=0.0000 term=0.0000 kl=0.0000 (3.50s/it)
[fit] it 1600/2000 state=0.9522 seq=0.0000 contact=0.0000 term=0.0000 kl=0.0000 (3.47s/it)
[fit] it 1650/2000 state=0.9667 seq=0.0000 contact=0.0000 term=0.0000 kl=0.0000 (3.45s/it)
[fit] it 1700/2000 state=0.9670 seq=0.0000 contact=0.0000 term=0.0000 kl=0.0000 (3.43s/it)
[fit] it 1750/2000 state=0.9226 seq=0.0000 contact=0.0000 term=0.0000 kl=0.0000 (3.41s/it)
[fit] it 1800/2000 state=0.9077 seq=0.0000 contact=0.0000 term=0.0000 kl=0.0000 (3.39s/it)
[fit] it 1850/2000 state=0.9754 seq=0.0000 contact=0.0150 term=0.0119 kl=0.0000 (3.37s/it)
[fit] it 1900/2000 state=0.8887 seq=0.0000 contact=0.0005 term=0.0000 kl=0.0000 (3.36s/it)
[fit] it 1950/2000 state=0.8809 seq=0.0000 contact=0.0001 term=0.0000 kl=0.0000 (3.34s/it)
[fit] it 2000/2000 state=0.8705 seq=0.0000 contact=0.0000 term=0.0000 kl=0.0000 (3.32s/it)
[fit] cuda peak_allocated_mb=11994 peak_reserved_mb=12294
[fit] DONE -> /workspace/Uncertainty-Aware-Robotic-World-Model-Go2/upstream/robotic_world_model/logs/wm_fit/p1_refit_2026-10-09/R1_curated/model_2000.pt  rows=115000 real_terms=171 windows=108097
[job] end 2026-10-09T12:52:10Z rc=0
